Tue Jan 27                                                             page    1
                     Achats des clients au 28 janvier 2013

Idcl Date d'achat         Genre                  Prix                           
---- -------------------- -------------------- ------                           
   1 05-DEC-14            Autobiographie         15.0                           
****                                           ------                           
avg                                              15.0                           
sum                                              15.0                           
                                                                                
   0 12-MAY-14            Epouvante             200.0                           
     07-DEC-14            Autobiographie         66.0                           
****                                           ------                           
avg                                             133.0                           
sum                                             266.0                           
                                                                                













                      crée par Thomas Minier, groupe 501A
